<?xml version="1.0" encoding="UTF-8"?>
<testsuites>
    <testsuite name="notes-ui;make-and-share-a-note" tests="23" failures="0" skipped="0">
        <properties>
            <property name="URI" value="C:\docusign\integrated-security-example\features\note_taker.feature">
            </property>
        </properties>
        <testcase name="Given The user named &quot;alice&quot; with username &quot;alice&quot; with password &quot;alice&quot;" classname="notes-ui;make-and-share-a-note" time="0.176545405">
        </testcase>
        <testcase name="Given The user named &quot;bob&quot; with username &quot;bob&quot; with password &quot;bob&quot;" classname="notes-ui;make-and-share-a-note" time="0.122940585">
        </testcase>
        <testcase name="Given The note named &quot;note&quot; with the title &quot;my note&quot; and the content &quot;hello I&apos;m a note&quot;" classname="notes-ui;make-and-share-a-note" time="0.000204518">
        </testcase>
        <testcase name="When I am on the login page" classname="notes-ui;make-and-share-a-note" time="5.334609101">
        </testcase>
        <testcase name="And I login as &quot;alice&quot;" classname="notes-ui;make-and-share-a-note" time="0.548910608">
        </testcase>
        <testcase name="And I click on &quot;newNote&quot;" classname="notes-ui;make-and-share-a-note" time="0.082469334">
        </testcase>
        <testcase name="And I should see the name of &quot;alice&quot; up top" classname="notes-ui;make-and-share-a-note" time="0.193255214">
        </testcase>
        <testcase name="When I fill in &quot;notetitle&quot; with note named &quot;note&quot; &quot;title&quot;" classname="notes-ui;make-and-share-a-note" time="0.211853993">
        </testcase>
        <testcase name="And I fill in &quot;notebody&quot; with note named &quot;note&quot; &quot;content&quot;" classname="notes-ui;make-and-share-a-note" time="0.199250407">
        </testcase>
        <testcase name="And I click on &quot;saveButton&quot;" classname="notes-ui;make-and-share-a-note" time="0.077298912">
        </testcase>
        <testcase name="Then I should see the &quot;notebody&quot; element containing note named &quot;note&quot; &quot;content&quot;" classname="notes-ui;make-and-share-a-note" time="0.155472667">
        </testcase>
        <testcase name="When I clear and fill in &quot;share&quot; with &quot;bob&quot;" classname="notes-ui;make-and-share-a-note" time="0.169142919">
        </testcase>
        <testcase name="And I click on &quot;shareButton&quot;" classname="notes-ui;make-and-share-a-note" time="0.078795418">
        </testcase>
        <testcase name="Then I should see the &quot;shareresult&quot; element containing &quot;username&quot; of user &quot;bob&quot;" classname="notes-ui;make-and-share-a-note" time="0.067442565">
        </testcase>
        <testcase name="When I am on the login page" classname="notes-ui;make-and-share-a-note" time="1.133407312">
        </testcase>
        <testcase name="And I login as &quot;bob&quot;" classname="notes-ui;make-and-share-a-note" time="0.385150033">
        </testcase>
        <testcase name="Then I should see 1 note on the notes page" classname="notes-ui;make-and-share-a-note" time="0.021844264">
        </testcase>
        <testcase name="And I should see the name of &quot;bob&quot; up top" classname="notes-ui;make-and-share-a-note" time="0.043042534">
        </testcase>
        <testcase name="When I click on the link with the note named &quot;note&quot; title" classname="notes-ui;make-and-share-a-note" time="0.127207955">
        </testcase>
        <testcase name="And I should see the name of &quot;bob&quot; up top" classname="notes-ui;make-and-share-a-note" time="0.041650402">
        </testcase>
        <testcase name="Then I should see the &quot;notetitle&quot; element containing note named &quot;note&quot; &quot;title&quot;" classname="notes-ui;make-and-share-a-note" time="0.034597359">
        </testcase>
        <testcase name="And I should see the &quot;notebody&quot; element containing note named &quot;note&quot; &quot;content&quot;" classname="notes-ui;make-and-share-a-note" time="0.040869709">
        </testcase>
        <testcase name="Then I check security assertions" classname="notes-ui;make-and-share-a-note" time="0.000130115">
        </testcase>
    </testsuite>
</testsuites>